===============================================
         DATA CENTER MANAGEMENT REPORT        
===============================================
Report Generated: 31/05/2025 18:01:38
===============================================

=== DATA CENTER INFORMATION ===
Name: test
Location: bulan
Total Racks Available: 48 racks

=== SERVER STATISTICS ===
Total Servers: 8
Active Servers: 6/8 (75%)
Offline Servers: 1
Maintenance Servers: 1
Racks in Use: 5/48
Total Storage Capacity: 20200 GB
Available Storage: 15850 GB
Storage Utilization: 21%

=== DETAILED RACK INFORMATION ===

--- Rack ID: R1-C1 ---
Location: Zone 1
Capacity: 2/5 servers
Status: Operational

+------------+---------------+-----------+-------------------+---------------+------------+--------+
| Server ID  | Type          | Status    | Available Storage | Total Storage | CPU Cores  | RAM    |
+------------+---------------+-----------+-------------------+---------------+------------+--------+
| IDN-100    | Web           | Online    |              5000 |          5000 |         24 |    128 |
| Test       | Web           | Online    |              2500 |          5000 |         24 |    128 |
+------------+---------------+-----------+-------------------+---------------+------------+--------+

--- Rack ID: R2-C2 ---
Location: Zone 1
Capacity: 1/5 servers
Status: Operational

+------------+---------------+-----------+-------------------+---------------+------------+--------+
| Server ID  | Type          | Status    | Available Storage | Total Storage | CPU Cores  | RAM    |
+------------+---------------+-----------+-------------------+---------------+------------+--------+
| Test-002   | Database      | Online    |              3000 |          3000 |         24 |     64 |
+------------+---------------+-----------+-------------------+---------------+------------+--------+

--- Rack ID: R4-C2 ---
Location: Zone 2
Capacity: 2/5 servers
Status: Operational

+------------+---------------+-----------+-------------------+---------------+------------+--------+
| Server ID  | Type          | Status    | Available Storage | Total Storage | CPU Cores  | RAM    |
+------------+---------------+-----------+-------------------+---------------+------------+--------+
| Test-005   | Web           | Online    |               800 |          1000 |          6 |     16 |
| est-006    | File          | Online    |               300 |           400 |          4 |      8 |
+------------+---------------+-----------+-------------------+---------------+------------+--------+

--- Rack ID: R4-C7 ---
Location: Zone 2
Capacity: 2/5 servers
Status: Operational

+------------+---------------+-----------+-------------------+---------------+------------+--------+
| Server ID  | Type          | Status    | Available Storage | Total Storage | CPU Cores  | RAM    |
+------------+---------------+-----------+-------------------+---------------+------------+--------+
| Test-003   | Web           | Maintenance |               250 |           300 |          8 |     32 |
| est-003    | File          | Online    |              3000 |          4000 |         16 |     18 |
+------------+---------------+-----------+-------------------+---------------+------------+--------+

--- Rack ID: R7-C4 ---
Location: Zone 4
Capacity: 1/5 servers
Status: Operational

+------------+---------------+-----------+-------------------+---------------+------------+--------+
| Server ID  | Type          | Status    | Available Storage | Total Storage | CPU Cores  | RAM    |
+------------+---------------+-----------+-------------------+---------------+------------+--------+
| Test-004   | Web           | Offline   |              1000 |          1500 |         10 |    108 |
+------------+---------------+-----------+-------------------+---------------+------------+--------+

===============================================
          END OF REPORT                       
===============================================
